[abhishekjha.me/index.html]
[backblue.gif]
[fade.gif]
[index.html]
[abhishekjha.me/index.3df6df01.css]
[abhishekjha.me/index.9e965a0c.css]
[abhishekjha.me/index.b02d3196.css]
[abhishekjha.me/favicon.f978ef38.svg]
[abhishekjha.me/index-2.html]
[abhishekjha.me/playbook.html]
[abhishekjha.me/aei1.addc8e76.png]
[abhishekjha.me/aei2.f4af4eea.png]
[abhishekjha.me/aei3.9946c78c.png]
[abhishekjha.me/aei4.3c14b4c9.png]
[abhishekjha.me/aei5.5e3b3f8d.png]
[abhishekjha.me/dis1.a68a59af.png]
[abhishekjha.me/dis2.ab5a2a48.png]
[abhishekjha.me/dis3.959a693c.png]
[abhishekjha.me/dis4.652c25b1.png]
[abhishekjha.me/dis5.84416503.png]
[abhishekjha.me/qua1.dea54829.png]
[abhishekjha.me/qua2.1f02501c.png]
[abhishekjha.me/qua3.53626716.png]
[abhishekjha.me/qua4.6f17bba7.png]
[abhishekjha.me/qua5.f7ab19d7.png]
[abhishekjha.me/mut1.10ba212d.png]
[abhishekjha.me/mut2.06596ac6.png]
[abhishekjha.me/mut3.341ab85c.png]
[abhishekjha.me/mut4.a21e1ca0.png]
[abhishekjha.me/mut5.cccd00fc.png]
[abhishekjha.me/vis1.ef4b47ec.png]
[abhishekjha.me/vis2.f08a2dac.png]
[abhishekjha.me/vis3.ba5c3bad.png]
[abhishekjha.me/vis4.616e3ffb.png]
[abhishekjha.me/vis5.13277bac.png]
[abhishekjha.me/down-arrow.040970d7.svg]
[abhishekjha.me/contact-icon.dee7a034.svg]
[abhishekjha.me/card1.a0552dbc.png]
[abhishekjha.me/card2.cfc820ab.png]
[abhishekjha.me/card3.b705d81b.png]
[abhishekjha.me/aeizei.7edf201c.png]
[abhishekjha.me/display.835f9d62.png]
[abhishekjha.me/quaive.6fc624fe.png]
[abhishekjha.me/muteza.4faa619b.png]
[abhishekjha.me/visavia4.631e000e.png]
[abhishekjha.me/headshot.d60093a0.png]
[abhishekjha.me/new-tab.737d741b.svg]
[abhishekjha.me/behance.ca83ecae.svg]
[abhishekjha.me/insta.f788fd3b.svg]
[abhishekjha.me/twitter.4c1829c0.svg]
[abhishekjha.me/2020/index.html]
[abhishekjha.me/dribbble.b18d5ad5.svg]
[abhishekjha.me/close.e11d51cb.svg]
[abhishekjha.me/cate1.012f66c0.png]
[abhishekjha.me/ui-arrow-desktop.02091565.svg]
[abhishekjha.me/back.62af88e3.svg]
[abhishekjha.me/index.html]
[abhishekjha.me/index.3df6df01.css]
[abhishekjha.me/playbook.a7e0f9eb.js]
[abhishekjha.me/Mazius-Extraitalic.121a71a7.otf]
[abhishekjha.me/Gilroy-Medium.e7e7c091.ttf]
[abhishekjha.me/Gilroy-SemiBold.f3ed44cd.ttf]
[abhishekjha.me/CircularStd-Book.4420c11b.woff2]
[abhishekjha.me/index.9e965a0c.css]
[abhishekjha.me/index.b02d3196.css]
[abhishekjha.me/favicon.f978ef38.svg]
[abhishekjha.me/index-2.html]
[abhishekjha.me/rip.f6d7c4dd.svg]
[abhishekjha.me/1.afa6b6fc.jpg]
[abhishekjha.me/4.5d1ff9af.png]
[abhishekjha.me/8.e7203b6d.png]
[abhishekjha.me/sotd.8efde214.png]
[abhishekjha.me/2.4aa03d90.png]
[abhishekjha.me/12.a6a10fed.png]
[abhishekjha.me/5.6e39b8bc.png]
[abhishekjha.me/9.964b0a84.png]
[abhishekjha.me/hm.be70924b.png]
[abhishekjha.me/3.a1d8f1e0.png]
[abhishekjha.me/7.8a401a2b.png]
[abhishekjha.me/1.7e400d6f.png]
[abhishekjha.me/10.437dbe48.png]
[abhishekjha.me/11.b612ee8d.png]
[abhishekjha.me/playbook.html]
[abhishekjha.me/down-arrow.040970d7.svg]
[abhishekjha.me/contact-icon.dee7a034.svg]
[abhishekjha.me/2020/photos/logo.png]
[abhishekjha.me/2020/unistyles.css]
[abhishekjha.me/2020/mobile.html]
[abhishekjha.me/2020/photos/load.gif]
[abhishekjha.me/2020/photos/scroll.png]
[abhishekjha.me/2020/about/index.html]
[abhishekjha.me/2020/projects/index.html]
[abhishekjha.me/2020/photos/b1.jpg]
[abhishekjha.me/2020/photos/c1.png]
[abhishekjha.me/2020/photos/chbg.jpg]
[abhishekjha.me/2020/photos/chuu.png]
[abhishekjha.me/2020/projects/index-2.html]
[abhishekjha.me/2020/photos/shbg.jpg]
[abhishekjha.me/2020/photos/shoe.png]
[abhishekjha.me/2020/photos/pobg.jpg]
[abhishekjha.me/2020/photos/post.png]
[abhishekjha.me/2020/photos/ptbg.jpg]
[abhishekjha.me/2020/photos/pt.png]
[abhishekjha.me/2020/photos/cont2.gif]
[abhishekjha.me/2020/photos/beh.png]
[abhishekjha.me/2020/photos/b2.jpg]
[abhishekjha.me/2020/photos/b3.jpg]
[abhishekjha.me/2020/photos/c2.png]
[abhishekjha.me/2020/photos/c3.png]
[abhishekjha.me/2020/js/luxy.js]
[abhishekjha.me/2020/js/emergence.js]
[abhishekjha.me/2020/index.html]
[abhishekjha.me/new-tab.737d741b.svg]
[abhishekjha.me/behance.ca83ecae.svg]
[abhishekjha.me/insta.f788fd3b.svg]
[abhishekjha.me/twitter.4c1829c0.svg]
[abhishekjha.me/dribbble.b18d5ad5.svg]
[abhishekjha.me/close.e11d51cb.svg]
[abhishekjha.me/ui-arrow-desktop.02091565.svg]
[abhishekjha.me/back.62af88e3.svg]
[abhishekjha.me/drop-down.0028b9b3.svg]
[abhishekjha.me/rip.f6d7c4dd.svg]
[abhishekjha.me/2020/fonts/CircularStd-Book.woff2]
[abhishekjha.me/2020/fonts/MonumentExtended-Bold.woff]
[abhishekjha.me/2020/fonts/CircularStd-Medium.woff2]
[abhishekjha.me/2020/unistyles.css]
[abhishekjha.me/2020/index-2.html]
[abhishekjha.me/2020/photos/b4.jpg]
[abhishekjha.me/2020/mobile.html]
[abhishekjha.me/2020/photos/res.png]
[abhishekjha.me/2020/photos/gol.png]
[abhishekjha.me/2020/photos/sta.png]
[abhishekjha.me/2020/photos/des.png]
[abhishekjha.me/2020/about/index.html]
[abhishekjha.me/2020/photos/swbg.jpg]
[abhishekjha.me/2020/photos/stwr.png]
[abhishekjha.me/2020/photos/tab.svg]
[abhishekjha.me/2020/projects/port2019/index.html]
[abhishekjha.me/2020/photos/dri.png]
[abhishekjha.me/2020/projects/located/index.html]
[cdn.dribbble.com/users/1823850/screenshots/6658203/sequence_01-min_2_.gif]
[abhishekjha.me/2020/projects/port2018/index.html]
[abhishekjha.me/2020/photos/insta.png]
[cdn.dribbble.com/users/1823850/screenshots/5386237/sequence_01_3.gif]
[abhishekjha.me/2020/photos/twi.png]
[cdn.dribbble.com/users/1823850/screenshots/6384876/sequence_01.gif]
[abhishekjha.me/2020/photos/arc.png]
[abhishekjha.me/2020/projects/index.html]
[abhishekjha.me/2020/projects/index-2.html]
[abhishekjha.me/2020/photos/larro.svg]
[abhishekjha.me/2020/index-2.html]
[abhishekjha.me/2020/projects/port2019/photos/logo.png]
[abhishekjha.me/2020/projects/port2019/unistyles.css]
[abhishekjha.me/2020/projects/port2019/mobile.html]
[abhishekjha.me/2020/projects/port2019/photos/bnr2.jpg]
[abhishekjha.me/2020/projects/port2019/about/index.html]
[abhishekjha.me/2020/projects/port2019/projects/index.html]
[abhishekjha.me/2020/projects/port2019/photos/arrow.svg]
[abhishekjha.me/2020/projects/port2019/photos/chuu.jpg]
[abhishekjha.me/2020/projects/port2019/photos/pos.jpg]
[abhishekjha.me/2020/projects/port2019/projects/poster/index.html]
[abhishekjha.me/2020/projects/port2019/photos/cur.jpg]
[abhishekjha.me/2020/projects/port2019/photos/star.jpg]
[abhishekjha.me/2020/projects/port2019/photos/cont.jpg]
[ajax.googleapis.com/ajax/libs/jquery/3.1.1/jquery.min.js]
[unpkg.com/imagesloaded@4/imagesloaded.pkgd.min.82.delayed]
[unpkg.com/imagesloaded@4.1.4/imagesloaded.pkgd.min.js]
[abhishekjha.me/2020/projects/port2019/js/skew.js]
[abhishekjha.me/2020/projects/port2019/js/paroller.js]
[abhishekjha.me/2020/projects/port2019/js/emergence.js]
[abhishekjha.me/2020/projects/port2019/js/menu.js]
[abhishekjha.me/2020/projects/port2019/index.html]
[abhishekjha.me/2020/photos/tab.svg]
[unpkg.com/aos@next/dist/aos.css]
[unpkg.com/aos@3.0.0-beta.6/dist/aos.css]
[abhishekjha.me/2020/projects/located/photos/icon.png]
[ajax.googleapis.com/ajax/libs/jquery/3.4.1/jquery.min.js]
[abhishekjha.me/2020/projects/located/font/Productr.ttf]
[abhishekjha.me/2020/projects/located/font/Productb.ttf]
[abhishekjha.me/2020/projects/located/font/Kayak Sans Regular.otf]
[abhishekjha.me/2020/projects/located/font/Kayak Sans Bold.otf]
[abhishekjha.me/2020/projects/located/font/Bebas.otf]
[abhishekjha.me/2020/projects/located/photos/banner.jpg]
[abhishekjha.me/2020/projects/located/photos/vid.JPG]
[abhishekjha.me/2020/projects/located/photos/logo.png]
[abhishekjha.me/2020/projects/located/photos/instagram.svg]
[abhishekjha.me/2020/projects/located/photos/face.png]
[abhishekjha.me/2020/projects/located/photos/per.svg]
[abhishekjha.me/2020/projects/located/photos/close.png]
[abhishekjha.me/2020/projects/located/photos/gall1.jpg]
[abhishekjha.me/2020/projects/located/photos/dis.svg]
[abhishekjha.me/2020/projects/located/photos/sur.svg]
[abhishekjha.me/2020/projects/located/photos/pro.svg]
[abhishekjha.me/2020/projects/located/photos/tip1.jpg]
[abhishekjha.me/2020/projects/located/photos/tip2.jpg]
[abhishekjha.me/2020/projects/located/photos/arrow.svg]
[abhishekjha.me/2020/projects/located/photos/vid.mp4]
[abhishekjha.me/2020/projects/located/photos/rid.jpg]
[abhishekjha.me/2020/projects/located/photos/gall4.jpg]
[abhishekjha.me/2020/projects/located/photos/dar.jpg]
[abhishekjha.me/2020/projects/located/photos/vo.jpg]
[abhishekjha.me/2020/projects/located/photos/tou.jpg]
[abhishekjha.me/2020/projects/located/photos/wan.jpg]
[abhishekjha.me/2020/projects/located/photos/pio.jpg]
[abhishekjha.me/2020/projects/located/photos/gall3.jpg]
[abhishekjha.me/2020/projects/located/photos/gall2.jpg]
[abhishekjha.me/2020/projects/located/photos/to.jpg]
[abhishekjha.me/2020/projects/located/photos/logog.png]
[unpkg.com/aos@next/dist/aos.ab.delayed]
[abhishekjha.me/2020/projects/located/index.html]
[unpkg.com/aos@3.0.0-beta.6/dist/aos.js]
[unpkg.com/aos@2.3.1/dist/aos.css]
[abhishekjha.me/2020/projects/port2018/jquery.js]
[unpkg.com/aos@2.3.1/dist/aos.js]
[abhishekjha.me/2020/projects/port2018/jquery.smoothwheel.js]
[abhishekjha.me/2020/projects/port2018/media/logo.svg]
[abhishekjha.me/2020/projects/port2018/media/bg.png]
[abhishekjha.me/2020/projects/port2018/font/TradeGothicLTPro-Bold.woff2]
[abhishekjha.me/2020/projects/port2018/font/noe-display-bold.ttf]
[abhishekjha.me/2020/projects/port2018/font/Product.ttf]
[abhishekjha.me/2020/projects/port2018/font/Kayak Sans Regular.otf]
[abhishekjha.me/2020/projects/port2018/font/Kayak Sans Bold.otf]
[abhishekjha.me/2020/projects/port2018/media/available.png]
[abhishekjha.me/2020/projects/port2018/media/logow.svg]
[abhishekjha.me/2020/projects/port2018/media/instagram.svg]
[abhishekjha.me/2020/projects/port2018/media/dribbble.svg]
[abhishekjha.me/2020/projects/port2018/media/cur.jpg]
[abhishekjha.me/2020/projects/port2018/projects/index.html]
[abhishekjha.me/2020/projects/port2018/media/ris.jpg]
[abhishekjha.me/2020/projects/port2018/media/maf.jpg]
[abhishekjha.me/2020/projects/port2018/projects/ai/home.html]
[abhishekjha.me/2020/projects/port2018/media/ari.jpg]
[abhishekjha.me/2020/projects/port2018/media/hrb.jpg]
[abhishekjha.me/2020/projects/port2018/projects/hb/index.html]
[abhishekjha.me/2020/projects/port2018/index.html]
[instagram.fdel5-1.fna.fbcdn.net/vp/96389932d82bb7f1f4b87d37b8b9e56c/5E5C13C8/t51.2885-15/e35/69619916_144690183440688_465814939817762167_nf53c.jpg]
[instagram.fdel5-1.fna.fbcdn.net/vp/90b51c26d1ce0d384da81805dcbb88be/5E6468E0/t51.2885-15/e35/66504972_2340822162904153_6773559152847363518_n7e43.jpg]
[abhishekjha.me/2020/projects/port2019/fonts/product.ttf]
[abhishekjha.me/2020/projects/port2019/fonts/Questrial-Regular.ttf]
[abhishekjha.me/2020/projects/port2019/unistyles.css]
[abhishekjha.me/2020/projects/port2019/fonts/productb.ttf]
[abhishekjha.me/2020/projects/port2019/index-2.html]
[abhishekjha.me/2020/projects/port2019/photos/mob.jpg]
[abhishekjha.me/2020/projects/port2019/js/skewm.js]
[abhishekjha.me/2020/projects/port2019/mobile.html]
[abhishekjha.me/2020/projects/port2019/styles.css]
[abhishekjha.me/2020/projects/port2019/projects/previous/index.html]
[abhishekjha.me/2020/projects/port2019/projects/located/index.html]
[abhishekjha.me/2020/projects/port2019/about/mobile.html]
[abhishekjha.me/2020/projects/port2019/photos/bnr.jpg]
[abhishekjha.me/2020/projects/port2019/about/index.html]
[abhishekjha.me/2020/projects/port2019/projects/mobile.html]
[abhishekjha.me/2020/projects/port2019/projects/index.html]
[abhishekjha.me/2020/projects/port2019/photos/arrow.svg]
[abhishekjha.me/2020/projects/port2019/projects/poster/index.html]
[unpkg.com/aos@3.0.0-beta.6/dist/aos.css]
[abhishekjha.me/2020/projects/located/photos/vid.html]
[abhishekjha.me/2020/projects/located/photos/instagram.svg]
[abhishekjha.me/2020/projects/located/photos/per.svg]
[abhishekjha.me/2020/projects/located/photos/dis.svg]
[abhishekjha.me/2020/projects/located/photos/sur.svg]
[abhishekjha.me/2020/projects/located/photos/pro.svg]
[abhishekjha.me/2020/projects/located/photos/arrow.svg]
[unpkg.com/aos@2.3.1/dist/aos.css]
[abhishekjha.me/2020/projects/port2018/jquery.smoothwheel.html]
[abhishekjha.me/2020/projects/port2018/media/logo.svg]
[abhishekjha.me/2020/projects/port2018/media/logow.svg]
[abhishekjha.me/2020/projects/port2018/media/instagram.svg]
[abhishekjha.me/2020/projects/port2018/media/dribbble.svg]
[abhishekjha.me/2020/projects/port2018/projects/index.html]
[abhishekjha.me/2020/projects/port2018/projects/ai/home.html]
[abhishekjha.me/2020/projects/port2018/projects/hb/font/noe-display-bold.ttf]
[abhishekjha.me/2020/projects/previous/index.html]
[abhishekjha.me/2020/projects/port2018/projects/hb/font/Kayak Sans Regular.otf]
[abhishekjha.me/2020/projects/port2018/projects/hb/font/Kayak Sans Bold.otf]
[abhishekjha.me/2020/projects/port2018/projects/hb/photo/facebook.svg]
[abhishekjha.me/2020/projects/port2018/projects/hb/photo/twitter.svg]
[abhishekjha.me/2020/projects/port2018/projects/hb/photo/instagram.svg]
[abhishekjha.me/2020/projects/port2018/projects/hb/photo/amazon.svg]
[abhishekjha.me/2020/projects/port2018/projects/hb/photo/banner.jpg]
[abhishekjha.me/2020/projects/port2018/projects/hb/photo/aut.jpg]
[abhishekjha.me/2020/projects/port2018/projects/hb/photo/footer_4.png]
[abhishekjha.me/2020/projects/port2018/projects/hb/photo/footer_3.png]
[abhishekjha.me/2020/projects/port2018/projects/hb/photo/footer_2.png]
[abhishekjha.me/2020/projects/port2018/projects/hb/photo/footer_1.png]
[abhishekjha.me/2020/projects/port2018/projects/hb/photo/footer_0.png]
[abhishekjha.me/2020/projects/port2018/projects/hb/index.html]
[abhishekjha.me/2020/projects/port2019/index-2.html]
[abhishekjha.me/2020/projects/port2019/photos/tab.svg]
[abhishekjha.me/2020/projects/port2019/projects/located/index.html]
[abhishekjha.me/2020/projects/port2019/projects/previous/index.html]
[abhishekjha.me/2020/projects/fonts/Questrial-Regular.woff2]
[abhishekjha.me/2020/projects/fonts/productb.ttf]
[abhishekjha.me/2020/projects/port2019/styles.css]
[abhishekjha.me/2020/projects/port2019/about/mobile.html]
[abhishekjha.me/2020/projects/port2019/projects/mobile.html]
[abhishekjha.me/2020/projects/previous/index.html]
[abhishekjha.me/2020/projects/port2018/projects/hb/photo/facebook.svg]
[abhishekjha.me/2020/projects/port2018/projects/hb/photo/twitter.svg]
[abhishekjha.me/2020/projects/port2018/projects/hb/photo/instagram.svg]
[abhishekjha.me/2020/projects/port2018/projects/hb/photo/amazon.svg]
[abhishekjha.me/2020/projects/fonts/Questrial-Regular.html]
[abhishekjha.me/2020/projects/fonts/productb.html]
